
> my-v0-project@0.1.0 build
> next build

[baseline-browser-mapping] The data in this module is over two months old.  To ensure accurate Baseline data, please update: `npm i baseline-browser-mapping@latest -D`
Attention: Next.js now collects completely anonymous telemetry regarding usage.
This information is used to shape Next.js' roadmap and prioritize features.
You can learn more, including how to opt-out if you'd not like to participate in this anonymous program, by visiting the following URL:
https://nextjs.org/telemetry

   ▲ Next.js 16.0.10 (Turbopack)

   Creating an optimized production build ...
[baseline-browser-mapping] The data in this module is over two months old.  To ensure accurate Baseline data, please update: `npm i baseline-browser-mapping@latest -D`
 ✓ Compiled successfully in 33.4s
   Skipping validation of types
   Collecting page data using 1 worker ...
[baseline-browser-mapping] The data in this module is over two months old.  To ensure accurate Baseline data, please update: `npm i baseline-browser-mapping@latest -D`
Error: Failed to collect configuration for /projects/[slug]
    at ignore-listed frames {
  [cause]: Error: Missing environment variable: NEXT_PUBLIC_SANITY_DATASET
      at bZ (.next/server/chunks/ssr/_4d004154._.js:13:32848)
      at module evaluation (.next/server/chunks/ssr/_4d004154._.js:13:32709)
      at instantiateModule (.next/server/chunks/ssr/[turbopack]_runtime.js:715:9)
      at getOrInstantiateModuleFromParent (.next/server/chunks/ssr/[turbopack]_runtime.js:738:12)
      at Context.esmImport [as i] (.next/server/chunks/ssr/[turbopack]_runtime.js:228:20)
      at module evaluation (.next/server/chunks/ssr/_a35a7e1f._.js:1:34)
      at instantiateModule (.next/server/chunks/ssr/[turbopack]_runtime.js:715:9)
      at getOrInstantiateModuleFromParent (.next/server/chunks/ssr/[turbopack]_runtime.js:738:12)
      at Context.commonJsRequire [as r] (.next/server/chunks/ssr/[turbopack]_runtime.js:249:12)
      at G.children.children.children.page (.next/server/chunks/ssr/_a35a7e1f._.js:1:641)
}

> Build error occurred
Error: Failed to collect page data for /projects/[slug]
    at ignore-listed frames {
  type: 'Error'
}
